npm error code ERESOLVE
npm error ERESOLVE could not resolve
npm error
npm error While resolving: @eslint/js@10.0.1
npm error Found: eslint@9.39.4
npm error node_modules/eslint
npm error   dev eslint@"^9.39.4" from the root project
npm error   peer eslint@"^6.0.0 || ^7.0.0 || >=8.0.0" from @eslint-community/eslint-utils@4.9.1
npm error   node_modules/@eslint-community/eslint-utils
npm error     @eslint-community/eslint-utils@"^4.8.0" from eslint@9.39.4
npm error
npm error Could not resolve dependency:
npm error peerOptional eslint@"^10.0.0" from @eslint/js@10.0.1
npm error node_modules/@eslint/js
npm error   dev @eslint/js@"^10.0.1" from the root project
npm error
npm error Conflicting peer dependency: eslint@10.6.0
npm error node_modules/eslint
npm error   peerOptional eslint@"^10.0.0" from @eslint/js@10.0.1
npm error   node_modules/@eslint/js
npm error     dev @eslint/js@"^10.0.1" from the root project
npm error
npm error Fix the upstream dependency conflict, or retry
npm error this command with --force or --legacy-peer-deps
npm error to accept an incorrect (and potentially broken) dependency resolution.
npm error
npm error
npm error For a full report see:
npm error /sessions/zealous-beautiful-turing/.npm/_logs/2026-06-30T21_40_54_886Z-eresolve-report.txt
npm notice
npm notice New major version of npm available! 10.9.8 -> 11.18.0
npm notice Changelog: https://github.com/npm/cli/releases/tag/v11.18.0
npm notice To update run: npm install -g npm@11.18.0
npm notice
npm error A complete log of this run can be found in: /sessions/zealous-beautiful-turing/.npm/_logs/2026-06-30T21_40_54_886Z-debug-0.log
